// Jest Snapshot v1, https://goo.gl/fbAQLP

exports[`NavBarMenuItem should render correctly 1`] = `
<a
  class="MuiButtonBase-root MuiMenuItem-root MuiMenuItem-gutters Mui-selected MuiMenuItem-root MuiMenuItem-gutters Mui-selected css-1rju2q6-MuiButtonBase-root-MuiMenuItem-root"
  href="/test"
  role="menuitem"
  tabindex="-1"
>
  <p
    class="MuiTypography-root MuiTypography-body1 css-1xrrpwr-MuiTypography-root"
  >
    Test
  </p>
</a>
`;
